Running AutomationTool...
Using bundled DotNet SDK version: 10.0 win-x64
Starting AutomationTool...
Parsing command line: BuildCookRun -project=C:\DGTour\DiscGolfTour.uproject -noP4 -platform=Win64 -clientconfig=Shipping -build -cook -stage -pak -iostore -archive -archivedirectory=C:\DGTour_Packages\S19_WindowsShipping_20260826T234344Z_10520e2f38df -clean -distribution -nodebuginfo -utf8output
Initializing script modules...
Total script module initialization time: 0.24 s.
Using C:\Program Files (x86)\Microsoft Visual Studio\2022\BuildTools\MSBuild\Current\Bin\MSBuild.exe
Executing commands...
Setting up ProjectParams for C:\DGTour\DiscGolfTour.uproject
********** BUILD COMMAND STARTED **********
Running: C:\Program Files\Epic Games\UE_5.8\Engine\Binaries\ThirdParty\DotNet\10.0\win-x64\dotnet.exe "C:\Program Files\Epic Games\UE_5.8\Engine\Binaries\DotNET\UnrealBuildTool\UnrealBuildTool.dll" DiscGolfTourEditor Win64 Development -Project="C:\DGTour\DiscGolfTour.uproject" -Clean -NoHotReload "C:\DGTour\DiscGolfTour.uproject" -NoUBTMakefiles  -log="C:\Users\ridge\AppData\Roaming\Unreal Engine\AutomationTool\Logs\C+Program+Files+Epic+Games+UE_5.8\UBA-DiscGolfTourEditor-Win64-Development.txt"
Log file: C:\Users\ridge\AppData\Roaming\Unreal Engine\AutomationTool\Logs\C+Program+Files+Epic+Games+UE_5.8\UBA-DiscGolfTourEditor-Win64-Development.txt
Cleaning DiscGolfTourEditor binaries...
Trace written to file C:\Users\ridge\AppData\Local\UnrealBuildTool\Trace.uba with size 583b
Took 1.00s to run dotnet.exe, ExitCode=0
Running: C:\Program Files\Epic Games\UE_5.8\Engine\Binaries\ThirdParty\DotNet\10.0\win-x64\dotnet.exe "C:\Program Files\Epic Games\UE_5.8\Engine\Binaries\DotNET\UnrealBuildTool\UnrealBuildTool.dll" DiscGolfTour Win64 Shipping -Project="C:\DGTour\DiscGolfTour.uproject" -Clean -NoHotReload "C:\DGTour\DiscGolfTour.uproject" -NoUBTMakefiles  -remoteini="C:\DGTour"  -distribution  -log="C:\Users\ridge\AppData\Roaming\Unreal Engine\AutomationTool\Logs\C+Program+Files+Epic+Games+UE_5.8\UBA-DiscGolfTour-Win64-Shipping.txt"
Log file: C:\Users\ridge\AppData\Roaming\Unreal Engine\AutomationTool\Logs\C+Program+Files+Epic+Games+UE_5.8\UBA-DiscGolfTour-Win64-Shipping.txt
Cleaning DiscGolfTour binaries...
Trace written to file C:\Users\ridge\AppData\Local\UnrealBuildTool\Trace.uba with size 582b
Took 0.76s to run dotnet.exe, ExitCode=0
Running: C:\Program Files\Epic Games\UE_5.8\Engine\Binaries\ThirdParty\DotNet\10.0\win-x64\dotnet.exe "C:\Program Files\Epic Games\UE_5.8\Engine\Binaries\DotNET\UnrealBuildTool\UnrealBuildTool.dll" -Target="DiscGolfTourEditor Win64 Development -Project=C:\DGTour\DiscGolfTour.uproject" -Target="DiscGolfTour Win64 Shipping -Project=C:\DGTour\DiscGolfTour.uproject  -remoteini=\"C:\DGTour\"  -distribution " -log="C:\Users\ridge\AppData\Roaming\Unreal Engine\AutomationTool\Logs\C+Program+Files+Epic+Games+UE_5.8\UBA-DiscGolfTourEditor-Win64-Development_2.txt"
Log file: C:\Users\ridge\AppData\Roaming\Unreal Engine\AutomationTool\Logs\C+Program+Files+Epic+Games+UE_5.8\UBA-DiscGolfTourEditor-Win64-Development_2.txt
Determining max actions to execute in parallel (8 physical cores, 16 logical cores)
  Executing up to 8 processes, one per physical core
Using 'git status' to determine working set for adaptive non-unity build (C:\DGTour).
Creating makefile for DiscGolfTourEditor (no existing makefile)
Creating makefile for DiscGolfTour (no existing makefile)
UbaServer - Listening on 0.0.0.0:1345
Building DiscGolfTour and DiscGolfTourEditor...
===== Toolchain Information =====
DiscGolfTour Win64 Shipping:
  Using ISPC compiler (C:\Program Files\Epic Games\UE_5.8\Engine\Source\ThirdParty\Intel\ISPC\bin\Windows\ispc.exe)
    Intel(r) Implicit SPMD Program Compiler (Intel(r) ISPC), 1.24.0 (build commit  @ 20250404, LLVM 18.1.2)
  Using Visual Studio 14.44.35228 toolchain (C:\Program Files (x86)\Microsoft Visual Studio\2022\BuildTools\VC\Tools\MSVC\14.44.35207) and Windows 10.0.26100.0 SDK (C:\Program Files (x86)\Windows Kits\10).
  [Adaptive Build] Excluded from DiscGolfRuntimeFoundation unity file: DiscGolfAnimInstance.cpp, DiscGolfAnimNotifies.cpp, DiscGolfAppearanceComponent.cpp, DiscGolfAvatarBackendComponent.cpp, DiscGolfCharacterCustomizationComponent.cpp, DiscGolfCosmeticCatalog.cpp, DiscGolfCourseValidatorLibrary.cpp, DiscGolfOutfitCatalog.cpp, DiscGolfOutfitComponent.cpp, DiscGolfOutfitItem.cpp, DiscGolfPlayabilityLibrary.cpp, DiscGolfPlayabilityMonitorComponent.cpp, DiscGolfRuntimeFoundation.cpp, DiscGolfThrowComponent.cpp
  [Adaptive Build] Excluded from DiscGolfTour unity file: BasketActor.cpp, DevCourseBootstrap.cpp, DiscActor.cpp, DiscBagComponent.cpp, DiscCatalogSubsystem.cpp, DiscFlightComponent.cpp, DiscGolfBuiltInEnvironmentProvider.cpp, DiscGolfCameraViewContract.cpp, DiscGolfCharacterCreatorWidget.cpp, DiscGolfCharacterRigUnits.cpp, DiscGolfCourseDefinition.cpp, DiscGolfCoursePresentationDefinition.cpp, DiscGolfCourseRules.cpp, DiscGolfEnvironmentController.cpp, DiscGolfEnvironmentDataAssets.cpp, DiscGolfEnvironmentZoneActor.cpp, DiscGolferPawn.cpp, DiscGolfFixtureQaRunner.cpp, DiscGolfFullCharacterRuntime.cpp, DiscGolfHUD.cpp, DiscGolfInputConfig.cpp, DiscGolfMetaHumanAvatarBackendComponent.cpp, DiscGolfMetaHumanOutfitRequiredBonesComponent.cpp, DiscGolfMetaHumanRetargetAnimInstance.cpp, DiscGolfOutfitRuntime.cpp, DiscGolfPlayerExperience.cpp, DiscGolfPresentationAudioRouterComponent.cpp, DiscGolfPresentationMath.cpp, DiscGolfQualityAdapter.cpp, DiscGolfRHBHThrowAdapterComponent.cpp, DiscGolfRoundFlowPresentation.cpp, DiscGolfRoundFlowWidget.cpp, DiscGolfRuntimeCheckpointJournal.cpp, DiscGolfRuntimeCookManifest.cpp, DiscGolfSession16CorePlayabilityContract.cpp, DiscGolfTerrainPresentationActor.cpp, DiscGolfTerrainPresentationMath.cpp, DiscGolfTour.cpp, DiscGolfTourGameInstance.cpp, DiscGolfTourGameMode.cpp, DiscGolfTourPlayerController.cpp, DiscGolfVegetationInteractionActor.cpp, DiscGolfWindZoneActor.cpp, DiscReplayActor.cpp, DiscTrajectorySubsystem.cpp, ThrowControllerComponent.cpp, WindDirector.cpp, DiscCatalogTests.cpp, DiscEquipmentSession11Tests.cpp, DiscFlightBoundaryTests.cpp, DiscGolfAnimInstanceBridgeTests.cpp, DiscGolfAuthoredInputValidationTests.cpp, DiscGolfAvatarBackendRuntimeTests.cpp, DiscGolfBasketContactMathTests.cpp, DiscGolfBrandLicenseTests.cpp, DiscGolfBuiltInEnvironmentProviderTests.cpp, DiscGolfCharacterProfileRuntimeTests.cpp, DiscGolfCourseDefinitionTests.cpp, DiscGolfCourseRulesTests.cpp, DiscGolfEnvironmentTests.cpp, DiscGolfFullCharacterRuntimeTests.cpp, DiscGolfGameInstancePersistencePolicyTests.cpp, DiscGolfGameplayGateTests.cpp, DiscGolfInputTests.cpp, DiscGolfMetaHumanRetargetPolicyTests.cpp, DiscGolfNonAuthorityThrowIngressTests.cpp, DiscGolfOutfitRuntimeTests.cpp, DiscGolfPresentationTests.cpp, DiscGolfProductionMotionTests.cpp, DiscGolfPuttingTests.cpp, DiscGolfQualityAdapterTests.cpp, DiscGolfReleasePerformanceCaptureTests.cpp, DiscGolfReleaseTests.cpp, DiscGolfRestoredLieCanonicalizationTests.cpp, DiscGolfRuntimeCheckpointJournalTests.cpp, DiscGolfRuntimeCookManifestTests.cpp, DiscGolfSaveSchemaTests.cpp, DiscGolfSession10EnvironmentContractTests.cpp, DiscGolfSession12AudioRouterTests.cpp, DiscGolfSession12CameraReplayTests.cpp, DiscGolfSession12InputUiTests.cpp, DiscGolfSession12PresentationContractTests.cpp, DiscGolfSession13CourseJsonTests.cpp, DiscGolfSession16CorePlayabilityTests.cpp, DiscGolfSession17RoundFlowUiTests.cpp, DiscGolfSession18ProvenanceTests.cpp, DiscGolfSession19AudioCandidateTests.cpp, DiscGolfSession3ThrowTransactionTests.cpp, DiscGolfSolverInputValidationTests.cpp, DiscGolfTerrainPuttRegressionTests.cpp, DiscGolfThrowIngressTests.cpp, DiscTrajectoryTests.cpp
DiscGolfTourEditor Win64 Development:
  Using ISPC compiler (C:\Program Files\Epic Games\UE_5.8\Engine\Source\ThirdParty\Intel\ISPC\bin\Windows\ispc.exe)
    Intel(r) Implicit SPMD Program Compiler (Intel(r) ISPC), 1.24.0 (build commit  @ 20250404, LLVM 18.1.2)
  Using Visual Studio 14.44.35228 toolchain (C:\Program Files (x86)\Microsoft Visual Studio\2022\BuildTools\VC\Tools\MSVC\14.44.35207) and Windows 10.0.26100.0 SDK (C:\Program Files (x86)\Windows Kits\10).
  [Adaptive Build] Excluded from DiscGolfRuntimeFoundation unity file: DiscGolfAnimInstance.cpp, DiscGolfAnimNotifies.cpp, DiscGolfAppearanceComponent.cpp, DiscGolfAvatarBackendComponent.cpp, DiscGolfCharacterCustomizationComponent.cpp, DiscGolfCosmeticCatalog.cpp, DiscGolfCourseValidatorLibrary.cpp, DiscGolfOutfitCatalog.cpp, DiscGolfOutfitComponent.cpp, DiscGolfOutfitItem.cpp, DiscGolfPlayabilityLibrary.cpp, DiscGolfPlayabilityMonitorComponent.cpp, DiscGolfRuntimeFoundation.cpp, DiscGolfThrowComponent.cpp
  [Adaptive Build] Excluded from DiscGolfTour unity file: BasketActor.cpp, DevCourseBootstrap.cpp, DiscActor.cpp, DiscBagComponent.cpp, DiscCatalogSubsystem.cpp, DiscFlightComponent.cpp, DiscGolfBuiltInEnvironmentProvider.cpp, DiscGolfCameraViewContract.cpp, DiscGolfCharacterCreatorWidget.cpp, DiscGolfCharacterRigUnits.cpp, DiscGolfCourseDefinition.cpp, DiscGolfCoursePresentationDefinition.cpp, DiscGolfCourseRules.cpp, DiscGolfEnvironmentController.cpp, DiscGolfEnvironmentDataAssets.cpp, DiscGolfEnvironmentZoneActor.cpp, DiscGolferPawn.cpp, DiscGolfFixtureQaRunner.cpp, DiscGolfFullCharacterRuntime.cpp, DiscGolfHUD.cpp, DiscGolfInputConfig.cpp, DiscGolfMetaHumanAvatarBackendComponent.cpp, DiscGolfMetaHumanOutfitRequiredBonesComponent.cpp, DiscGolfMetaHumanRetargetAnimInstance.cpp, DiscGolfOutfitRuntime.cpp, DiscGolfPlayerExperience.cpp, DiscGolfPresentationAudioRouterComponent.cpp, DiscGolfPresentationMath.cpp, DiscGolfQualityAdapter.cpp, DiscGolfRHBHThrowAdapterComponent.cpp, DiscGolfRoundFlowPresentation.cpp, DiscGolfRoundFlowWidget.cpp, DiscGolfRuntimeCheckpointJournal.cpp, DiscGolfRuntimeCookManifest.cpp, DiscGolfSession16CorePlayabilityContract.cpp, DiscGolfTerrainPresentationActor.cpp, DiscGolfTerrainPresentationMath.cpp, DiscGolfTour.cpp, DiscGolfTourGameInstance.cpp, DiscGolfTourGameMode.cpp, DiscGolfTourPlayerController.cpp, DiscGolfVegetationInteractionActor.cpp, DiscGolfWindZoneActor.cpp, DiscReplayActor.cpp, DiscTrajectorySubsystem.cpp, ThrowControllerComponent.cpp, WindDirector.cpp, DiscCatalogTests.cpp, DiscEquipmentSession11Tests.cpp, DiscFlightBoundaryTests.cpp, DiscGolfAnimInstanceBridgeTests.cpp, DiscGolfAuthoredInputValidationTests.cpp, DiscGolfAvatarBackendRuntimeTests.cpp, DiscGolfBasketContactMathTests.cpp, DiscGolfBrandLicenseTests.cpp, DiscGolfBuiltInEnvironmentProviderTests.cpp, DiscGolfCharacterProfileRuntimeTests.cpp, DiscGolfCourseDefinitionTests.cpp, DiscGolfCourseRulesTests.cpp, DiscGolfEnvironmentTests.cpp, DiscGolfFullCharacterRuntimeTests.cpp, DiscGolfGameInstancePersistencePolicyTests.cpp, DiscGolfGameplayGateTests.cpp, DiscGolfInputTests.cpp, DiscGolfMetaHumanRetargetPolicyTests.cpp, DiscGolfNonAuthorityThrowIngressTests.cpp, DiscGolfOutfitRuntimeTests.cpp, DiscGolfPresentationTests.cpp, DiscGolfProductionMotionTests.cpp, DiscGolfPuttingTests.cpp, DiscGolfQualityAdapterTests.cpp, DiscGolfReleasePerformanceCaptureTests.cpp, DiscGolfReleaseTests.cpp, DiscGolfRestoredLieCanonicalizationTests.cpp, DiscGolfRuntimeCheckpointJournalTests.cpp, DiscGolfRuntimeCookManifestTests.cpp, DiscGolfSaveSchemaTests.cpp, DiscGolfSession10EnvironmentContractTests.cpp, DiscGolfSession12AudioRouterTests.cpp, DiscGolfSession12CameraReplayTests.cpp, DiscGolfSession12InputUiTests.cpp, DiscGolfSession12PresentationContractTests.cpp, DiscGolfSession13CourseJsonTests.cpp, DiscGolfSession16CorePlayabilityTests.cpp, DiscGolfSession17RoundFlowUiTests.cpp, DiscGolfSession18ProvenanceTests.cpp, DiscGolfSession19AudioCandidateTests.cpp, DiscGolfSession3ThrowTransactionTests.cpp, DiscGolfSolverInputValidationTests.cpp, DiscGolfTerrainPuttRegressionTests.cpp, DiscGolfThrowIngressTests.cpp, DiscTrajectoryTests.cpp
  [Adaptive Build] Excluded from DiscGolfTourEditor unity file: DiscGolfCourseAuthoringActors.cpp, DiscGolfCourseAuthoringExporter.cpp, DiscGolfCourseAuthoringPcgAdapter.cpp, DiscGolfCourseAuthoringValidation.cpp, DiscGolfEnvironmentAssetBinder.cpp, DiscGolfPcgAuthoringController.cpp, DiscGolfProductionMotionAuthoringUtility.cpp, DiscGolfSession3AssetUtility.cpp, DiscGolfSession4AssetUtility.cpp, DiscGolfSession5MocapUtility.cpp, DiscGolfSession8BMetaHumanUtility.cpp, PCGDiscGolfZoneDensity.cpp, DiscGolfCourseAuthoringActorsTests.cpp, DiscGolfCourseAuthoringExporterTests.cpp, DiscGolfCourseAuthoringPcgAdapterTests.cpp, DiscGolfCourseAuthoringValidationTests.cpp, DiscGolfEnvironmentAssetBinderTests.cpp, DiscGolfPcgShippingSeparationTests.cpp, DiscGolfSession13CourseAuthoringFixtureTests.cpp
  [Adaptive Build] Excluded from DiscGolfTourDeveloper unity file: DiscGolfAIPlannerAdapter.cpp, DiscGolfAIShotPlannerComponent.cpp, DiscGolfCareerSubsystem.cpp, DiscGolfCompetitionRuntime.cpp, DiscGolfLevelDesignReviewActor.cpp, DiscGolfScoringLibrary.cpp, DiscGolfSession14AISmokeRunner.cpp, DiscGolfSession15VerticalSliceContract.cpp, DiscGolfSession15VerticalSliceRunner.cpp, DiscGolfSession3SmokeRunner.cpp, DiscGolfSession3VisualCaptureRunner.cpp, DiscGolfSession4VisualCaptureRunner.cpp, DiscGolfSession5MocapSmokeRunner.cpp, DiscGolfSession5MocapVisualCaptureRunner.cpp, DiscGolfSession6OutfitSmokeRunner.cpp, DiscGolfSession6OutfitVisualCaptureRunner.cpp, DiscGolfSession7FullCharacterSmokeRunner.cpp, DiscGolfSession7FullCharacterVisualCaptureRunner.cpp, DiscGolfSession8BMetaHumanPackagedRunner.cpp, DiscGolfSession8CookClosureRunner.cpp, DiscGolfTourDeveloperModule.cpp, DiscThrowLabSubsystem.cpp, DiscGolfLevelDesignReviewTests.cpp, DiscGolfSession14AITests.cpp, DiscGolfSession14CompetitionCareerTests.cpp, DiscGolfSession14SmokeFoundationTests.cpp, DiscGolfSession15VerticalSliceTests.cpp, DiscThrowLabSession11Tests.cpp
=================================
Using Unreal Build Accelerator local executor to run 295 action(s)
  CPU 8 physical cores, 16 logical cores
  Memory 15.05 GB physical, 55.13 GB/60.72 GB committed
  UBA Storage capacity 40 GB
** For DiscGolfTourEditor-Win64-Development **
[1/295] Compile [x64] SharedPCH.UnrealEd.Project.ValApi.ValExpApi.Cpp20.cpp
** For DiscGolfTour-Win64-Shipping **
[2/295] Compile [x64] SharedPCH.Engine.Project.ValApi.ValExpApi.Cpp20.cpp
[3/295] Copy DiscGolfTour-Win64-Shipping-Default.rc2
** For DiscGolfTourEditor-Win64-Development **
[4/295] Compile [x64] DiscGolfAnimInstance.cpp
[5/295] Compile [x64] DiscGolfAnimNotifies.cpp
[6/295] Compile [x64] DiscGolfAppearanceComponent.cpp
[7/295] Compile [x64] DiscGolfAvatarBackendComponent.cpp
[8/295] Compile [x64] DiscGolfCharacterCustomizationComponent.cpp
[9/295] Compile [x64] DiscGolfCosmeticCatalog.cpp
[10/295] Compile [x64] DiscGolfCourseValidatorLibrary.cpp
[11/295] Compile [x64] DiscGolfOutfitCatalog.cpp
[12/295] Compile [x64] DiscGolfOutfitComponent.cpp
[13/295] Compile [x64] DiscGolfOutfitItem.cpp
[14/295] Compile [x64] DiscGolfPlayabilityLibrary.cpp
[15/295] Compile [x64] DiscGolfPlayabilityMonitorComponent.cpp
[16/295] Compile [x64] DiscGolfRuntimeFoundation.cpp
[17/295] Compile [x64] DiscGolfThrowComponent.cpp
[18/295] Compile [x64] Module.DiscGolfRuntimeFoundation.cpp
C:\Program Files\Epic Games\UE_5.8\Engine\Source\Runtime\MeshDescription\Public\AttributeArrayContainer.h(366,1): fatal error C1001: Internal compiler error.
(compiler file 'msc1.cpp', line 1589)
 To work around this problem, try simplifying or changing the program near the locations listed above.
If possible please provide a repro here: https://developercommunity.visualstudio.com
Please choose the Technical Support command on the Visual C++
 Help menu, or open the Technical Support help file for more information
};
^
C:\Program Files\Epic Games\UE_5.8\Engine\Source\Runtime\MeshDescription\Public\AttributeArrayContainer.h(366,1): note: This diagnostic occurred in the compiler generated function 'TAttributeArrayContainer<AttributeType> &TAttributeArrayContainer<AttributeType>::operator =(TAttributeArrayContainer<AttributeType> &&)'
        with
        [
            AttributeType=CreateTypeImpl::Dispatch::AttributeType
        ]
C:\Program Files\Epic Games\UE_5.8\Engine\Source\Runtime\MeshDescription\Public\AttributeArrayContainer.h(384,8): note: see reference to function 'TAttributeArrayContainer<AttributeType> &TAttributeArrayContainer<AttributeType>::operator =(TAttributeArrayContainer<AttributeType> &&)'
        with
        [
            AttributeType=CreateTypeImpl::Dispatch::AttributeType
        ]
	*this = MoveTemp(NewAttributeArray);
	      ^
INTERNAL COMPILER ERROR in 'C:\Program Files (x86)\Microsoft Visual Studio\2022\BuildTools\VC\Tools\MSVC\14.44.35207\bin\Hostx64\x64\cl.exe'
    Please choose the Technical Support command on the Visual C++
    Help menu, or open the Technical Support help file for more information
UbaSessionServer - ERROR reading 2575171568 bytes from file C:\DGTour\Intermediate\Build\Win64\x64\DiscGolfTourEditor\Development\UnrealEd\SharedPCH.UnrealEd.Project.ValApi.ValExpApi.Cpp20.h.pch with handle 4056 (error: Insufficient system resources exist to complete the requested service.)
UbaSessionServer - Failed to remap C:\DGTour\Intermediate\Build\Win64\x64\DiscGolfTourEditor\Development\UnrealEd\SharedPCH.UnrealEd.Project.ValApi.ValExpApi.Cpp20.h.pch
UbaSessionServer - ASSERT: ERROR: Access violation reading at address: 0x00000239BC4F0000
 CALLSTACK:
   UbaDetours.dll: +0xd5fcd
   UbaDetours.dll: +0x2b0b1
   KERNELBASE.dll: +0x22d9d
   cl.exe: +0x2c968
   cl.exe: +0x29247
   cl.exe: +0x146f8
   cl.exe: +0x1c748
   KERNEL32.DLL: +0x2ccb7
   ntdll.dll: +0xaad6c
UbaSessionServer - Process Module.DiscGolfRuntimeFoundation.cpp (Compile [x64]) still has active file C:\DGTour\Intermediate\Build\Win64\x64\UnrealEditor\Development\DiscGolfRuntimeFoundation\Module.DiscGolfRuntimeFoundation.cpp.sarif that was never closed (refcount 1)
[19/295] Compile [x64] ASSERT: ERROR: Access violation reading at address: 0x00000239BC4F0000
 CALLSTACK:
   UbaDetours.dll: +0xd5fcd
   UbaDetours.dll: +0x2b0b1
   KERNELBASE.dll: +0x22d9d
   cl.exe: +0x2c968
   cl.exe: +0x29247
   cl.exe: +0x146f8
   cl.exe: +0x1c748
   KERNEL32.DLL: +0x2ccb7
   ntdll.dll: +0xaad6c
INTERNAL COMPILER ERROR in 'C:\Program Files (x86)\Microsoft Visual Studio\2022\BuildTools\VC\Tools\MSVC\14.44.35207\bin\Hostx64\x64\cl.exe'
    Please choose the Technical Support command on the Visual C++
    Help menu, or open the Technical Support help file for more information
UbaSessionServer - ASSERT: ERROR: Access violation reading at address: 0x000001EB4B9D0000
 CALLSTACK:
   UbaDetours.dll: +0xd5fcd
   UbaDetours.dll: +0x2b0b1
   KERNELBASE.dll: +0x22d9d
   cl.exe: +0x2c968
   cl.exe: +0x29247
   cl.exe: +0x146f8
   cl.exe: +0x1c748
   KERNEL32.DLL: +0x2ccb7
   ntdll.dll: +0xaad6c
[20/295] Compile [x64] ASSERT: ERROR: Access violation reading at address: 0x000001EB4B9D0000
 CALLSTACK:
   UbaDetours.dll: +0xd5fcd
   UbaDetours.dll: +0x2b0b1
   KERNELBASE.dll: +0x22d9d
   cl.exe: +0x2c968
   cl.exe: +0x29247
   cl.exe: +0x146f8
   cl.exe: +0x1c748
   KERNEL32.DLL: +0x2ccb7
   ntdll.dll: +0xaad6c
INTERNAL COMPILER ERROR in 'C:\Program Files (x86)\Microsoft Visual Studio\2022\BuildTools\VC\Tools\MSVC\14.44.35207\bin\Hostx64\x64\cl.exe'
    Please choose the Technical Support command on the Visual C++
    Help menu, or open the Technical Support help file for more information
UbaSessionServer - ASSERT: ERROR: Access violation reading at address: 0x000001AC732C0000
 CALLSTACK:
   UbaDetours.dll: +0xd5fcd
   UbaDetours.dll: +0x2b0b1
   KERNELBASE.dll: +0x22d9d
   cl.exe: +0x2c968
   cl.exe: +0x29247
   cl.exe: +0x146f8
   cl.exe: +0x1c748
   KERNEL32.DLL: +0x2ccb7
   ntdll.dll: +0xaad6c
[21/295] Compile [x64] ASSERT: ERROR: Access violation reading at address: 0x000001AC732C0000
 CALLSTACK:
   UbaDetours.dll: +0xd5fcd
   UbaDetours.dll: +0x2b0b1
   KERNELBASE.dll: +0x22d9d
   cl.exe: +0x2c968
   cl.exe: +0x29247
   cl.exe: +0x146f8
   cl.exe: +0x1c748
   KERNEL32.DLL: +0x2ccb7
   ntdll.dll: +0xaad6c
INTERNAL COMPILER ERROR in 'C:\Program Files (x86)\Microsoft Visual Studio\2022\BuildTools\VC\Tools\MSVC\14.44.35207\bin\Hostx64\x64\cl.exe'
    Please choose the Technical Support command on the Visual C++
    Help menu, or open the Technical Support help file for more information
UbaSessionServer - ASSERT: ERROR: Access violation reading at address: 0x0000021A74B10000
 CALLSTACK:
   UbaDetours.dll: +0xd5fcd
   UbaDetours.dll: +0x2b0b1
   KERNELBASE.dll: +0x22d9d
   cl.exe: +0x2c968
   cl.exe: +0x29247
   cl.exe: +0x146f8
   cl.exe: +0x1c748
   KERNEL32.DLL: +0x2ccb7
   ntdll.dll: +0xaad6c
[22/295] Compile [x64] ASSERT: ERROR: Access violation reading at address: 0x0000021A74B10000
 CALLSTACK:
   UbaDetours.dll: +0xd5fcd
   UbaDetours.dll: +0x2b0b1
   KERNELBASE.dll: +0x22d9d
   cl.exe: +0x2c968
   cl.exe: +0x29247
   cl.exe: +0x146f8
   cl.exe: +0x1c748
   KERNEL32.DLL: +0x2ccb7
   ntdll.dll: +0xaad6c
INTERNAL COMPILER ERROR in 'C:\Program Files (x86)\Microsoft Visual Studio\2022\BuildTools\VC\Tools\MSVC\14.44.35207\bin\Hostx64\x64\cl.exe'
    Please choose the Technical Support command on the Visual C++
    Help menu, or open the Technical Support help file for more information
UbaSessionServer - ASSERT: ERROR: Access violation reading at address: 0x000002A2EEB70000
 CALLSTACK:
   UbaDetours.dll: +0xd5fcd
   UbaDetours.dll: +0x2b0b1
   KERNELBASE.dll: +0x22d9d
   cl.exe: +0x2c968
   cl.exe: +0x29247
   cl.exe: +0x146f8
   cl.exe: +0x1c748
   KERNEL32.DLL: +0x2ccb7
   ntdll.dll: +0xaad6c
[23/295] Compile [x64] ASSERT: ERROR: Access violation reading at address: 0x000002A2EEB70000
 CALLSTACK:
   UbaDetours.dll: +0xd5fcd
   UbaDetours.dll: +0x2b0b1
   KERNELBASE.dll: +0x22d9d
   cl.exe: +0x2c968
   cl.exe: +0x29247
   cl.exe: +0x146f8
   cl.exe: +0x1c748
   KERNEL32.DLL: +0x2ccb7
   ntdll.dll: +0xaad6c
INTERNAL COMPILER ERROR in 'C:\Program Files (x86)\Microsoft Visual Studio\2022\BuildTools\VC\Tools\MSVC\14.44.35207\bin\Hostx64\x64\cl.exe'
    Please choose the Technical Support command on the Visual C++
    Help menu, or open the Technical Support help file for more information
UbaSessionServer - ASSERT: ERROR: Access violation reading at address: 0x000001C56F730000
 CALLSTACK:
   UbaDetours.dll: +0xd5fcd
   UbaDetours.dll: +0x2b0b1
   KERNELBASE.dll: +0x22d9d
   cl.exe: +0x2c968
   cl.exe: +0x29247
   cl.exe: +0x146f8
   cl.exe: +0x1c748
   KERNEL32.DLL: +0x2ccb7
   ntdll.dll: +0xaad6c
[24/295] Compile [x64] ASSERT: ERROR: Access violation reading at address: 0x000001C56F730000
 CALLSTACK:
   UbaDetours.dll: +0xd5fcd
   UbaDetours.dll: +0x2b0b1
   KERNELBASE.dll: +0x22d9d
   cl.exe: +0x2c968
   cl.exe: +0x29247
   cl.exe: +0x146f8
   cl.exe: +0x1c748
   KERNEL32.DLL: +0x2ccb7
   ntdll.dll: +0xaad6c
INTERNAL COMPILER ERROR in 'C:\Program Files (x86)\Microsoft Visual Studio\2022\BuildTools\VC\Tools\MSVC\14.44.35207\bin\Hostx64\x64\cl.exe'
    Please choose the Technical Support command on the Visual C++
    Help menu, or open the Technical Support help file for more information
UbaSessionServer - ASSERT: ERROR: Access violation reading at address: 0x000002A53C9E0000
 CALLSTACK:
   UbaDetours.dll: +0xd5fcd
   UbaDetours.dll: +0x2b0b1
   KERNELBASE.dll: +0x22d9d
   cl.exe: +0x2c968
   cl.exe: +0x29247
   cl.exe: +0x146f8
   cl.exe: +0x1c748
   KERNEL32.DLL: +0x2ccb7
   ntdll.dll: +0xaad6c
[25/295] Compile [x64] ASSERT: ERROR: Access violation reading at address: 0x000002A53C9E0000
 CALLSTACK:
   UbaDetours.dll: +0xd5fcd
   UbaDetours.dll: +0x2b0b1
   KERNELBASE.dll: +0x22d9d
   cl.exe: +0x2c968
   cl.exe: +0x29247
   cl.exe: +0x146f8
   cl.exe: +0x1c748
   KERNEL32.DLL: +0x2ccb7
   ntdll.dll: +0xaad6c
INTERNAL COMPILER ERROR in 'C:\Program Files (x86)\Microsoft Visual Studio\2022\BuildTools\VC\Tools\MSVC\14.44.35207\bin\Hostx64\x64\cl.exe'
    Please choose the Technical Support command on the Visual C++
    Help menu, or open the Technical Support help file for more information
UbaSessionServer - ASSERT: ERROR: Access violation reading at address: 0x0000022371820000
 CALLSTACK:
   UbaDetours.dll: +0xd5fcd
   UbaDetours.dll: +0x2b0b1
   KERNELBASE.dll: +0x22d9d
   cl.exe: +0x2c968
   cl.exe: +0x29247
   cl.exe: +0x146f8
   cl.exe: +0x1c748
   KERNEL32.DLL: +0x2ccb7
   ntdll.dll: +0xaad6c
[26/295] Compile [x64] ASSERT: ERROR: Access violation reading at address: 0x0000022371820000
 CALLSTACK:
   UbaDetours.dll: +0xd5fcd
   UbaDetours.dll: +0x2b0b1
   KERNELBASE.dll: +0x22d9d
   cl.exe: +0x2c968
   cl.exe: +0x29247
   cl.exe: +0x146f8
   cl.exe: +0x1c748
   KERNEL32.DLL: +0x2ccb7
   ntdll.dll: +0xaad6c
INTERNAL COMPILER ERROR in 'C:\Program Files (x86)\Microsoft Visual Studio\2022\BuildTools\VC\Tools\MSVC\14.44.35207\bin\Hostx64\x64\cl.exe'
    Please choose the Technical Support command on the Visual C++
    Help menu, or open the Technical Support help file for more information
UbaSessionServer - ASSERT: ERROR: Access violation reading at address: 0x000002CF259F0000
 CALLSTACK:
   UbaDetours.dll: +0xd5fcd
   UbaDetours.dll: +0x2b0b1
   KERNELBASE.dll: +0x22d9d
   cl.exe: +0x2c968
   cl.exe: +0x29247
   cl.exe: +0x146f8
   cl.exe: +0x1c748
   KERNEL32.DLL: +0x2ccb7
   ntdll.dll: +0xaad6c
[27/295] Compile [x64] ASSERT: ERROR: Access violation reading at address: 0x000002CF259F0000
 CALLSTACK:
   UbaDetours.dll: +0xd5fcd
   UbaDetours.dll: +0x2b0b1
   KERNELBASE.dll: +0x22d9d
   cl.exe: +0x2c968
   cl.exe: +0x29247
   cl.exe: +0x146f8
   cl.exe: +0x1c748
   KERNEL32.DLL: +0x2ccb7
   ntdll.dll: +0xaad6c
INTERNAL COMPILER ERROR in 'C:\Program Files (x86)\Microsoft Visual Studio\2022\BuildTools\VC\Tools\MSVC\14.44.35207\bin\Hostx64\x64\cl.exe'
    Please choose the Technical Support command on the Visual C++
    Help menu, or open the Technical Support help file for more information
UbaSessionServer - ASSERT: ERROR: Access violation reading at address: 0x0000018A6FDB0000
 CALLSTACK:
   UbaDetours.dll: +0xd5fcd
   UbaDetours.dll: +0x2b0b1
   KERNELBASE.dll: +0x22d9d
   cl.exe: +0x2c968
   cl.exe: +0x29247
   cl.exe: +0x146f8
   cl.exe: +0x1c748
   KERNEL32.DLL: +0x2ccb7
   ntdll.dll: +0xaad6c
[28/295] Compile [x64] ASSERT: ERROR: Access violation reading at address: 0x0000018A6FDB0000
 CALLSTACK:
   UbaDetours.dll: +0xd5fcd
   UbaDetours.dll: +0x2b0b1
   KERNELBASE.dll: +0x22d9d
   cl.exe: +0x2c968
   cl.exe: +0x29247
   cl.exe: +0x146f8
   cl.exe: +0x1c748
   KERNEL32.DLL: +0x2ccb7
   ntdll.dll: +0xaad6c
INTERNAL COMPILER ERROR in 'C:\Program Files (x86)\Microsoft Visual Studio\2022\BuildTools\VC\Tools\MSVC\14.44.35207\bin\Hostx64\x64\cl.exe'
    Please choose the Technical Support command on the Visual C++
    Help menu, or open the Technical Support help file for more information
UbaSessionServer - ASSERT: ERROR: Access violation reading at address: 0x000002863A8B0000
 CALLSTACK:
   UbaDetours.dll: +0xd5fcd
   UbaDetours.dll: +0x2b0b1
   KERNELBASE.dll: +0x22d9d
   cl.exe: +0x2c968
   cl.exe: +0x29247
   cl.exe: +0x146f8
   cl.exe: +0x1c748
   KERNEL32.DLL: +0x2ccb7
   ntdll.dll: +0xaad6c
[29/295] Compile [x64] ASSERT: ERROR: Access violation reading at address: 0x000002863A8B0000
 CALLSTACK:
   UbaDetours.dll: +0xd5fcd
   UbaDetours.dll: +0x2b0b1
   KERNELBASE.dll: +0x22d9d
   cl.exe: +0x2c968
   cl.exe: +0x29247
   cl.exe: +0x146f8
   cl.exe: +0x1c748
   KERNEL32.DLL: +0x2ccb7
   ntdll.dll: +0xaad6c
INTERNAL COMPILER ERROR in 'C:\Program Files (x86)\Microsoft Visual Studio\2022\BuildTools\VC\Tools\MSVC\14.44.35207\bin\Hostx64\x64\cl.exe'
    Please choose the Technical Support command on the Visual C++
    Help menu, or open the Technical Support help file for more information
UbaSessionServer - ASSERT: ERROR: Access violation reading at address: 0x000001CDF2760000
 CALLSTACK:
   UbaDetours.dll: +0xd5fcd
   UbaDetours.dll: +0x2b0b1
   KERNELBASE.dll: +0x22d9d
   cl.exe: +0x2c968
   cl.exe: +0x29247
   cl.exe: +0x146f8
   cl.exe: +0x1c748
   KERNEL32.DLL: +0x2ccb7
   ntdll.dll: +0xaad6c
[30/295] Compile [x64] ASSERT: ERROR: Access violation reading at address: 0x000001CDF2760000
 CALLSTACK:
   UbaDetours.dll: +0xd5fcd
   UbaDetours.dll: +0x2b0b1
   KERNELBASE.dll: +0x22d9d
   cl.exe: +0x2c968
   cl.exe: +0x29247
   cl.exe: +0x146f8
   cl.exe: +0x1c748
   KERNEL32.DLL: +0x2ccb7
   ntdll.dll: +0xaad6c
INTERNAL COMPILER ERROR in 'C:\Program Files (x86)\Microsoft Visual Studio\2022\BuildTools\VC\Tools\MSVC\14.44.35207\bin\Hostx64\x64\cl.exe'
    Please choose the Technical Support command on the Visual C++
    Help menu, or open the Technical Support help file for more information
UbaSessionServer - ASSERT: ERROR: Access violation reading at address: 0x000002B4CF000000
 CALLSTACK:
   UbaDetours.dll: +0xd5fcd
   UbaDetours.dll: +0x2b0b1
   KERNELBASE.dll: +0x22d9d
   cl.exe: +0x2c968
   cl.exe: +0x29247
   cl.exe: +0x146f8
   cl.exe: +0x1c748
   KERNEL32.DLL: +0x2ccb7
   ntdll.dll: +0xaad6c
[31/295] Compile [x64] ASSERT: ERROR: Access violation reading at address: 0x000002B4CF000000
 CALLSTACK:
   UbaDetours.dll: +0xd5fcd
   UbaDetours.dll: +0x2b0b1
   KERNELBASE.dll: +0x22d9d
   cl.exe: +0x2c968
   cl.exe: +0x29247
   cl.exe: +0x146f8
   cl.exe: +0x1c748
   KERNEL32.DLL: +0x2ccb7
   ntdll.dll: +0xaad6c
INTERNAL COMPILER ERROR in 'C:\Program Files (x86)\Microsoft Visual Studio\2022\BuildTools\VC\Tools\MSVC\14.44.35207\bin\Hostx64\x64\cl.exe'
    Please choose the Technical Support command on the Visual C++
    Help menu, or open the Technical Support help file for more information
UbaSessionServer - ASSERT: ERROR: Access violation reading at address: 0x000001BDB39A0000
 CALLSTACK:
   UbaDetours.dll: +0xd5fcd
   UbaDetours.dll: +0x2b0b1
   KERNELBASE.dll: +0x22d9d
   cl.exe: +0x2c968
   cl.exe: +0x29247
   cl.exe: +0x146f8
   cl.exe: +0x1c748
   KERNEL32.DLL: +0x2ccb7
   ntdll.dll: +0xaad6c
[32/295] Compile [x64] ASSERT: ERROR: Access violation reading at address: 0x000001BDB39A0000
 CALLSTACK:
   UbaDetours.dll: +0xd5fcd
   UbaDetours.dll: +0x2b0b1
   KERNELBASE.dll: +0x22d9d
   cl.exe: +0x2c968
   cl.exe: +0x29247
   cl.exe: +0x146f8
   cl.exe: +0x1c748
   KERNEL32.DLL: +0x2ccb7
   ntdll.dll: +0xaad6c
INTERNAL COMPILER ERROR in 'C:\Program Files (x86)\Microsoft Visual Studio\2022\BuildTools\VC\Tools\MSVC\14.44.35207\bin\Hostx64\x64\cl.exe'
    Please choose the Technical Support command on the Visual C++
    Help menu, or open the Technical Support help file for more information
UbaSessionServer - ASSERT: ERROR: Access violation reading at address: 0x0000024C7CF00000
 CALLSTACK:
   UbaDetours.dll: +0xd5fcd
   UbaDetours.dll: +0x2b0b1
   KERNELBASE.dll: +0x22d9d
   cl.exe: +0x2c968
   cl.exe: +0x29247
   cl.exe: +0x146f8
   cl.exe: +0x1c748
   KERNEL32.DLL: +0x2ccb7
   ntdll.dll: +0xaad6c
[33/295] Compile [x64] ASSERT: ERROR: Access violation reading at address: 0x0000024C7CF00000
 CALLSTACK:
   UbaDetours.dll: +0xd5fcd
   UbaDetours.dll: +0x2b0b1
   KERNELBASE.dll: +0x22d9d
   cl.exe: +0x2c968
   cl.exe: +0x29247
   cl.exe: +0x146f8
   cl.exe: +0x1c748
   KERNEL32.DLL: +0x2ccb7
   ntdll.dll: +0xaad6c
INTERNAL COMPILER ERROR in 'C:\Program Files (x86)\Microsoft Visual Studio\2022\BuildTools\VC\Tools\MSVC\14.44.35207\bin\Hostx64\x64\cl.exe'
    Please choose the Technical Support command on the Visual C++
    Help menu, or open the Technical Support help file for more information
UbaSessionServer - ASSERT: ERROR: Access violation reading at address: 0x000002A050160000
 CALLSTACK:
   UbaDetours.dll: +0xd5fcd
   UbaDetours.dll: +0x2b0b1
   KERNELBASE.dll: +0x22d9d
   cl.exe: +0x2c968
   cl.exe: +0x29247
   cl.exe: +0x146f8
   cl.exe: +0x1c748
   KERNEL32.DLL: +0x2ccb7
   ntdll.dll: +0xaad6c
[34/295] Compile [x64] ASSERT: ERROR: Access violation reading at address: 0x000002A050160000
 CALLSTACK:
   UbaDetours.dll: +0xd5fcd
   UbaDetours.dll: +0x2b0b1
   KERNELBASE.dll: +0x22d9d
   cl.exe: +0x2c968
   cl.exe: +0x29247
   cl.exe: +0x146f8
   cl.exe: +0x1c748
   KERNEL32.DLL: +0x2ccb7
   ntdll.dll: +0xaad6c
INTERNAL COMPILER ERROR in 'C:\Program Files (x86)\Microsoft Visual Studio\2022\BuildTools\VC\Tools\MSVC\14.44.35207\bin\Hostx64\x64\cl.exe'
    Please choose the Technical Support command on the Visual C++
    Help menu, or open the Technical Support help file for more information
UbaSessionServer - ASSERT: ERROR: Access violation reading at address: 0x0000016FDE4D0000
 CALLSTACK:
   UbaDetours.dll: +0xd5fcd
   UbaDetours.dll: +0x2b0b1
   KERNELBASE.dll: +0x22d9d
   cl.exe: +0x2c968
   cl.exe: +0x29247
   cl.exe: +0x146f8
   cl.exe: +0x1c748
   KERNEL32.DLL: +0x2ccb7
   ntdll.dll: +0xaad6c
[35/295] Compile [x64] ASSERT: ERROR: Access violation reading at address: 0x0000016FDE4D0000
 CALLSTACK:
   UbaDetours.dll: +0xd5fcd
   UbaDetours.dll: +0x2b0b1
   KERNELBASE.dll: +0x22d9d
   cl.exe: +0x2c968
   cl.exe: +0x29247
   cl.exe: +0x146f8
   cl.exe: +0x1c748
   KERNEL32.DLL: +0x2ccb7
   ntdll.dll: +0xaad6c
INTERNAL COMPILER ERROR in 'C:\Program Files (x86)\Microsoft Visual Studio\2022\BuildTools\VC\Tools\MSVC\14.44.35207\bin\Hostx64\x64\cl.exe'
    Please choose the Technical Support command on the Visual C++
    Help menu, or open the Technical Support help file for more information
UbaSessionServer - ASSERT: ERROR: Access violation reading at address: 0x000002A253810000
 CALLSTACK:
   UbaDetours.dll: +0xd5fcd
   UbaDetours.dll: +0x2b0b1
   KERNELBASE.dll: +0x22d9d
   cl.exe: +0x2c968
   cl.exe: +0x29247
   cl.exe: +0x146f8
   cl.exe: +0x1c748
   KERNEL32.DLL: +0x2ccb7
   ntdll.dll: +0xaad6c
[36/295] Compile [x64] ASSERT: ERROR: Access violation reading at address: 0x000002A253810000
 CALLSTACK:
   UbaDetours.dll: +0xd5fcd
   UbaDetours.dll: +0x2b0b1
   KERNELBASE.dll: +0x22d9d
   cl.exe: +0x2c968
   cl.exe: +0x29247
   cl.exe: +0x146f8
   cl.exe: +0x1c748
   KERNEL32.DLL: +0x2ccb7
   ntdll.dll: +0xaad6c
INTERNAL COMPILER ERROR in 'C:\Program Files (x86)\Microsoft Visual Studio\2022\BuildTools\VC\Tools\MSVC\14.44.35207\bin\Hostx64\x64\cl.exe'
    Please choose the Technical Support command on the Visual C++
    Help menu, or open the Technical Support help file for more information
UbaSessionServer - ASSERT: ERROR: Access violation reading at address: 0x00000243FA050000
 CALLSTACK:
   UbaDetours.dll: +0xd5fcd
   UbaDetours.dll: +0x2b0b1
   KERNELBASE.dll: +0x22d9d
   cl.exe: +0x2c968
   cl.exe: +0x29247
   cl.exe: +0x146f8
   cl.exe: +0x1c748
   KERNEL32.DLL: +0x2ccb7
   ntdll.dll: +0xaad6c
[37/295] Compile [x64] ASSERT: ERROR: Access violation reading at address: 0x00000243FA050000
 CALLSTACK:
   UbaDetours.dll: +0xd5fcd
   UbaDetours.dll: +0x2b0b1
   KERNELBASE.dll: +0x22d9d
   cl.exe: +0x2c968
   cl.exe: +0x29247
   cl.exe: +0x146f8
   cl.exe: +0x1c748
   KERNEL32.DLL: +0x2ccb7
   ntdll.dll: +0xaad6c
INTERNAL COMPILER ERROR in 'C:\Program Files (x86)\Microsoft Visual Studio\2022\BuildTools\VC\Tools\MSVC\14.44.35207\bin\Hostx64\x64\cl.exe'
    Please choose the Technical Support command on the Visual C++
    Help menu, or open the Technical Support help file for more information
UbaSessionServer - ASSERT: ERROR: Access violation reading at address: 0x000001EBFB480000
 CALLSTACK:
   UbaDetours.dll: +0xd5fcd
   UbaDetours.dll: +0x2b0b1
   KERNELBASE.dll: +0x22d9d
   cl.exe: +0x2c968
   cl.exe: +0x29247
   cl.exe: +0x146f8
   cl.exe: +0x1c748
   KERNEL32.DLL: +0x2ccb7
   ntdll.dll: +0xaad6c
[38/295] Compile [x64] ASSERT: ERROR: Access violation reading at address: 0x000001EBFB480000
 CALLSTACK:
   UbaDetours.dll: +0xd5fcd
   UbaDetours.dll: +0x2b0b1
   KERNELBASE.dll: +0x22d9d
   cl.exe: +0x2c968
   cl.exe: +0x29247
   cl.exe: +0x146f8
   cl.exe: +0x1c748
   KERNEL32.DLL: +0x2ccb7
   ntdll.dll: +0xaad6c
INTERNAL COMPILER ERROR in 'C:\Program Files (x86)\Microsoft Visual Studio\2022\BuildTools\VC\Tools\MSVC\14.44.35207\bin\Hostx64\x64\cl.exe'
    Please choose the Technical Support command on the Visual C++
    Help menu, or open the Technical Support help file for more information
UbaSessionServer - ASSERT: ERROR: Access violation reading at address: 0x00000180FFBB0000
 CALLSTACK:
   UbaDetours.dll: +0xd5fcd
   UbaDetours.dll: +0x2b0b1
   KERNELBASE.dll: +0x22d9d
   cl.exe: +0x2c968
   cl.exe: +0x29247
   cl.exe: +0x146f8
   cl.exe: +0x1c748
   KERNEL32.DLL: +0x2ccb7
   ntdll.dll: +0xaad6c
[39/295] Compile [x64] ASSERT: ERROR: Access violation reading at address: 0x00000180FFBB0000
 CALLSTACK:
   UbaDetours.dll: +0xd5fcd
   UbaDetours.dll: +0x2b0b1
   KERNELBASE.dll: +0x22d9d
   cl.exe: +0x2c968
   cl.exe: +0x29247
   cl.exe: +0x146f8
   cl.exe: +0x1c748
   KERNEL32.DLL: +0x2ccb7
   ntdll.dll: +0xaad6c
INTERNAL COMPILER ERROR in 'C:\Program Files (x86)\Microsoft Visual Studio\2022\BuildTools\VC\Tools\MSVC\14.44.35207\bin\Hostx64\x64\cl.exe'
    Please choose the Technical Support command on the Visual C++
    Help menu, or open the Technical Support help file for more information
UbaSessionServer - ASSERT: ERROR: Access violation reading at address: 0x000001C4F97C0000
 CALLSTACK:
   UbaDetours.dll: +0xd5fcd
   UbaDetours.dll: +0x2b0b1
   KERNELBASE.dll: +0x22d9d
   cl.exe: +0x2c968
   cl.exe: +0x29247
   cl.exe: +0x146f8
   cl.exe: +0x1c748
   KERNEL32.DLL: +0x2ccb7
   ntdll.dll: +0xaad6c
[40/295] Compile [x64] ASSERT: ERROR: Access violation reading at address: 0x000001C4F97C0000
 CALLSTACK:
   UbaDetours.dll: +0xd5fcd
   UbaDetours.dll: +0x2b0b1
   KERNELBASE.dll: +0x22d9d
   cl.exe: +0x2c968
   cl.exe: +0x29247
   cl.exe: +0x146f8
   cl.exe: +0x1c748
   KERNEL32.DLL: +0x2ccb7
   ntdll.dll: +0xaad6c
INTERNAL COMPILER ERROR in 'C:\Program Files (x86)\Microsoft Visual Studio\2022\BuildTools\VC\Tools\MSVC\14.44.35207\bin\Hostx64\x64\cl.exe'
    Please choose the Technical Support command on the Visual C++
    Help menu, or open the Technical Support help file for more information
UbaSessionServer - ASSERT: ERROR: Access violation reading at address: 0x000002C3F8250000
 CALLSTACK:
   UbaDetours.dll: +0xd5fcd
   UbaDetours.dll: +0x2b0b1
   KERNELBASE.dll: +0x22d9d
   cl.exe: +0x2c968
   cl.exe: +0x29247
   cl.exe: +0x146f8
   cl.exe: +0x1c748
   KERNEL32.DLL: +0x2ccb7
   ntdll.dll: +0xaad6c
[41/295] Compile [x64] ASSERT: ERROR: Access violation reading at address: 0x000002C3F8250000
 CALLSTACK:
   UbaDetours.dll: +0xd5fcd
   UbaDetours.dll: +0x2b0b1
   KERNELBASE.dll: +0x22d9d
   cl.exe: +0x2c968
   cl.exe: +0x29247
   cl.exe: +0x146f8
   cl.exe: +0x1c748
   KERNEL32.DLL: +0x2ccb7
   ntdll.dll: +0xaad6c
INTERNAL COMPILER ERROR in 'C:\Program Files (x86)\Microsoft Visual Studio\2022\BuildTools\VC\Tools\MSVC\14.44.35207\bin\Hostx64\x64\cl.exe'
    Please choose the Technical Support command on the Visual C++
    Help menu, or open the Technical Support help file for more information
UbaSessionServer - ASSERT: ERROR: Access violation reading at address: 0x0000020A5B690000
 CALLSTACK:
   UbaDetours.dll: +0xd5fcd
   UbaDetours.dll: +0x2b0b1
   KERNELBASE.dll: +0x22d9d
   cl.exe: +0x2c968
   cl.exe: +0x29247
   cl.exe: +0x146f8
   cl.exe: +0x1c748
   KERNEL32.DLL: +0x2ccb7
   ntdll.dll: +0xaad6c
[42/295] Compile [x64] ASSERT: ERROR: Access violation reading at address: 0x0000020A5B690000
 CALLSTACK:
   UbaDetours.dll: +0xd5fcd
   UbaDetours.dll: +0x2b0b1
   KERNELBASE.dll: +0x22d9d
   cl.exe: +0x2c968
   cl.exe: +0x29247
   cl.exe: +0x146f8
   cl.exe: +0x1c748
   KERNEL32.DLL: +0x2ccb7
   ntdll.dll: +0xaad6c
INTERNAL COMPILER ERROR in 'C:\Program Files (x86)\Microsoft Visual Studio\2022\BuildTools\VC\Tools\MSVC\14.44.35207\bin\Hostx64\x64\cl.exe'
    Please choose the Technical Support command on the Visual C++
    Help menu, or open the Technical Support help file for more information
UbaSessionServer - ASSERT: ERROR: Access violation reading at address: 0x000001F0F0BC0000
 CALLSTACK:
   UbaDetours.dll: +0xd5fcd
   UbaDetours.dll: +0x2b0b1
   KERNELBASE.dll: +0x22d9d
   cl.exe: +0x2c968
   cl.exe: +0x29247
   cl.exe: +0x146f8
   cl.exe: +0x1c748
   KERNEL32.DLL: +0x2ccb7
   ntdll.dll: +0xaad6c
[43/295] Compile [x64] ASSERT: ERROR: Access violation reading at address: 0x000001F0F0BC0000
 CALLSTACK:
   UbaDetours.dll: +0xd5fcd
   UbaDetours.dll: +0x2b0b1
   KERNELBASE.dll: +0x22d9d
   cl.exe: +0x2c968
   cl.exe: +0x29247
   cl.exe: +0x146f8
   cl.exe: +0x1c748
   KERNEL32.DLL: +0x2ccb7
   ntdll.dll: +0xaad6c
INTERNAL COMPILER ERROR in 'C:\Program Files (x86)\Microsoft Visual Studio\2022\BuildTools\VC\Tools\MSVC\14.44.35207\bin\Hostx64\x64\cl.exe'
    Please choose the Technical Support command on the Visual C++
    Help menu, or open the Technical Support help file for more information
UbaSessionServer - ASSERT: ERROR: Access violation reading at address: 0x00000241749E0000
 CALLSTACK:
   UbaDetours.dll: +0xd5fcd
   UbaDetours.dll: +0x2b0b1
   KERNELBASE.dll: +0x22d9d
   cl.exe: +0x2c968
   cl.exe: +0x29247
   cl.exe: +0x146f8
   cl.exe: +0x1c748
   KERNEL32.DLL: +0x2ccb7
   ntdll.dll: +0xaad6c
[44/295] Compile [x64] ASSERT: ERROR: Access violation reading at address: 0x00000241749E0000
 CALLSTACK:
   UbaDetours.dll: +0xd5fcd
   UbaDetours.dll: +0x2b0b1
   KERNELBASE.dll: +0x22d9d
   cl.exe: +0x2c968
   cl.exe: +0x29247
   cl.exe: +0x146f8
   cl.exe: +0x1c748
   KERNEL32.DLL: +0x2ccb7
   ntdll.dll: +0xaad6c
INTERNAL COMPILER ERROR in 'C:\Program Files (x86)\Microsoft Visual Studio\2022\BuildTools\VC\Tools\MSVC\14.44.35207\bin\Hostx64\x64\cl.exe'
    Please choose the Technical Support command on the Visual C++
    Help menu, or open the Technical Support help file for more information
UbaSessionServer - ASSERT: ERROR: Access violation reading at address: 0x000001C571ED0000
 CALLSTACK:
   UbaDetours.dll: +0xd5fcd
   UbaDetours.dll: +0x2b0b1
   KERNELBASE.dll: +0x22d9d
   cl.exe: +0x2c968
   cl.exe: +0x29247
   cl.exe: +0x146f8
   cl.exe: +0x1c748
   KERNEL32.DLL: +0x2ccb7
   ntdll.dll: +0xaad6c
[45/295] Compile [x64] ASSERT: ERROR: Access violation reading at address: 0x000001C571ED0000
 CALLSTACK:
   UbaDetours.dll: +0xd5fcd
   UbaDetours.dll: +0x2b0b1
   KERNELBASE.dll: +0x22d9d
   cl.exe: +0x2c968
   cl.exe: +0x29247
   cl.exe: +0x146f8
   cl.exe: +0x1c748
   KERNEL32.DLL: +0x2ccb7
   ntdll.dll: +0xaad6c
INTERNAL COMPILER ERROR in 'C:\Program Files (x86)\Microsoft Visual Studio\2022\BuildTools\VC\Tools\MSVC\14.44.35207\bin\Hostx64\x64\cl.exe'
    Please choose the Technical Support command on the Visual C++
    Help menu, or open the Technical Support help file for more information
UbaSessionServer - ASSERT: ERROR: Access violation reading at address: 0x0000022FDF150000
 CALLSTACK:
   UbaDetours.dll: +0xd5fcd
   UbaDetours.dll: +0x2b0b1
   KERNELBASE.dll: +0x22d9d
   cl.exe: +0x2c968
   cl.exe: +0x29247
   cl.exe: +0x146f8
   cl.exe: +0x1c748
   KERNEL32.DLL: +0x2ccb7
   ntdll.dll: +0xaad6c
[46/295] Compile [x64] ASSERT: ERROR: Access violation reading at address: 0x0000022FDF150000
 CALLSTACK:
   UbaDetours.dll: +0xd5fcd
   UbaDetours.dll: +0x2b0b1
   KERNELBASE.dll: +0x22d9d
   cl.exe: +0x2c968
   cl.exe: +0x29247
   cl.exe: +0x146f8
   cl.exe: +0x1c748
   KERNEL32.DLL: +0x2ccb7
   ntdll.dll: +0xaad6c
INTERNAL COMPILER ERROR in 'C:\Program Files (x86)\Microsoft Visual Studio\2022\BuildTools\VC\Tools\MSVC\14.44.35207\bin\Hostx64\x64\cl.exe'
    Please choose the Technical Support command on the Visual C++
    Help menu, or open the Technical Support help file for more information
UbaSessionServer - ASSERT: ERROR: Access violation reading at address: 0x000001C0FB120000
 CALLSTACK:
   UbaDetours.dll: +0xd5fcd
   UbaDetours.dll: +0x2b0b1
   KERNELBASE.dll: +0x22d9d
   cl.exe: +0x2c968
   cl.exe: +0x29247
   cl.exe: +0x146f8
   cl.exe: +0x1c748
   KERNEL32.DLL: +0x2ccb7
   ntdll.dll: +0xaad6c
[47/295] Compile [x64] ASSERT: ERROR: Access violation reading at address: 0x000001C0FB120000
 CALLSTACK:
   UbaDetours.dll: +0xd5fcd
   UbaDetours.dll: +0x2b0b1
   KERNELBASE.dll: +0x22d9d
   cl.exe: +0x2c968
   cl.exe: +0x29247
   cl.exe: +0x146f8
   cl.exe: +0x1c748
   KERNEL32.DLL: +0x2ccb7
   ntdll.dll: +0xaad6c
INTERNAL COMPILER ERROR in 'C:\Program Files (x86)\Microsoft Visual Studio\2022\BuildTools\VC\Tools\MSVC\14.44.35207\bin\Hostx64\x64\cl.exe'
    Please choose the Technical Support command on the Visual C++
    Help menu, or open the Technical Support help file for more information
UbaSessionServer - ASSERT: ERROR: Access violation reading at address: 0x000002082B7D0000
 CALLSTACK:
   UbaDetours.dll: +0xd5fcd
   UbaDetours.dll: +0x2b0b1
   KERNELBASE.dll: +0x22d9d
   cl.exe: +0x2c968
   cl.exe: +0x29247
   cl.exe: +0x146f8
   cl.exe: +0x1c748
   KERNEL32.DLL: +0x2ccb7
   ntdll.dll: +0xaad6c
[48/295] Compile [x64] ASSERT: ERROR: Access violation reading at address: 0x000002082B7D0000
 CALLSTACK:
   UbaDetours.dll: +0xd5fcd
   UbaDetours.dll: +0x2b0b1
   KERNELBASE.dll: +0x22d9d
   cl.exe: +0x2c968
   cl.exe: +0x29247
   cl.exe: +0x146f8
   cl.exe: +0x1c748
   KERNEL32.DLL: +0x2ccb7
   ntdll.dll: +0xaad6c
INTERNAL COMPILER ERROR in 'C:\Program Files (x86)\Microsoft Visual Studio\2022\BuildTools\VC\Tools\MSVC\14.44.35207\bin\Hostx64\x64\cl.exe'
    Please choose the Technical Support command on the Visual C++
    Help menu, or open the Technical Support help file for more information
UbaSessionServer - ASSERT: ERROR: Access violation reading at address: 0x000001743D400000
 CALLSTACK:
   UbaDetours.dll: +0xd5fcd
   UbaDetours.dll: +0x2b0b1
   KERNELBASE.dll: +0x22d9d
   cl.exe: +0x2c968
   cl.exe: +0x29247
   cl.exe: +0x146f8
   cl.exe: +0x1c748
   KERNEL32.DLL: +0x2ccb7
   ntdll.dll: +0xaad6c
[49/295] Compile [x64] ASSERT: ERROR: Access violation reading at address: 0x000001743D400000
 CALLSTACK:
   UbaDetours.dll: +0xd5fcd
   UbaDetours.dll: +0x2b0b1
   KERNELBASE.dll: +0x22d9d
   cl.exe: +0x2c968
   cl.exe: +0x29247
   cl.exe: +0x146f8
   cl.exe: +0x1c748
   KERNEL32.DLL: +0x2ccb7
   ntdll.dll: +0xaad6c
INTERNAL COMPILER ERROR in 'C:\Program Files (x86)\Microsoft Visual Studio\2022\BuildTools\VC\Tools\MSVC\14.44.35207\bin\Hostx64\x64\cl.exe'
    Please choose the Technical Support command on the Visual C++
    Help menu, or open the Technical Support help file for more information
UbaSessionServer - ASSERT: ERROR: Access violation reading at address: 0x000001D07D3D0000
 CALLSTACK:
   UbaDetours.dll: +0xd5fcd
   UbaDetours.dll: +0x2b0b1
   KERNELBASE.dll: +0x22d9d
   cl.exe: +0x2c968
   cl.exe: +0x29247
   cl.exe: +0x146f8
   cl.exe: +0x1c748
   KERNEL32.DLL: +0x2ccb7
   ntdll.dll: +0xaad6c
[50/295] Compile [x64] ASSERT: ERROR: Access violation reading at address: 0x000001D07D3D0000
 CALLSTACK:
   UbaDetours.dll: +0xd5fcd
   UbaDetours.dll: +0x2b0b1
   KERNELBASE.dll: +0x22d9d
   cl.exe: +0x2c968
   cl.exe: +0x29247
   cl.exe: +0x146f8
   cl.exe: +0x1c748
   KERNEL32.DLL: +0x2ccb7
   ntdll.dll: +0xaad6c
INTERNAL COMPILER ERROR in 'C:\Program Files (x86)\Microsoft Visual Studio\2022\BuildTools\VC\Tools\MSVC\14.44.35207\bin\Hostx64\x64\cl.exe'
    Please choose the Technical Support command on the Visual C++
    Help menu, or open the Technical Support help file for more information
UbaSessionServer - ASSERT: ERROR: Access violation reading at address: 0x0000020AECB70000
 CALLSTACK:
   UbaDetours.dll: +0xd5fcd
   UbaDetours.dll: +0x2b0b1
   KERNELBASE.dll: +0x22d9d
   cl.exe: +0x2c968
   cl.exe: +0x29247
   cl.exe: +0x146f8
   cl.exe: +0x1c748
   KERNEL32.DLL: +0x2ccb7
   ntdll.dll: +0xaad6c
[51/295] Compile [x64] ASSERT: ERROR: Access violation reading at address: 0x0000020AECB70000
 CALLSTACK:
   UbaDetours.dll: +0xd5fcd
   UbaDetours.dll: +0x2b0b1
   KERNELBASE.dll: +0x22d9d
   cl.exe: +0x2c968
   cl.exe: +0x29247
   cl.exe: +0x146f8
   cl.exe: +0x1c748
   KERNEL32.DLL: +0x2ccb7
   ntdll.dll: +0xaad6c
INTERNAL COMPILER ERROR in 'C:\Program Files (x86)\Microsoft Visual Studio\2022\BuildTools\VC\Tools\MSVC\14.44.35207\bin\Hostx64\x64\cl.exe'
    Please choose the Technical Support command on the Visual C++
    Help menu, or open the Technical Support help file for more information
UbaSessionServer - ASSERT: ERROR: Access violation reading at address: 0x0000022379160000
 CALLSTACK:
   UbaDetours.dll: +0xd5fcd
   UbaDetours.dll: +0x2b0b1
   KERNELBASE.dll: +0x22d9d
   cl.exe: +0x2c968
   cl.exe: +0x29247
   cl.exe: +0x146f8
   cl.exe: +0x1c748
   KERNEL32.DLL: +0x2ccb7
   ntdll.dll: +0xaad6c
[52/295] Compile [x64] ASSERT: ERROR: Access violation reading at address: 0x0000022379160000
 CALLSTACK:
   UbaDetours.dll: +0xd5fcd
   UbaDetours.dll: +0x2b0b1
   KERNELBASE.dll: +0x22d9d
   cl.exe: +0x2c968
   cl.exe: +0x29247
   cl.exe: +0x146f8
   cl.exe: +0x1c748
   KERNEL32.DLL: +0x2ccb7
   ntdll.dll: +0xaad6c
INTERNAL COMPILER ERROR in 'C:\Program Files (x86)\Microsoft Visual Studio\2022\BuildTools\VC\Tools\MSVC\14.44.35207\bin\Hostx64\x64\cl.exe'
ERROR: Access violation reading at address: 0x0000000000003864
 CALLSTACK:
   UbaHost.DLL: +0x65700
   UbaHost.DLL: +0x60e1f
   UbaHost.DLL: +0x72db5
   UbaHost.DLL: +0xe56d7
   KERNEL32.DLL: +0x2ccb7
   ntdll.dll: +0xaad6c
    Please choose the Technical Support command on the Visual C++
    Help menu, or open the Technical Support help file for more information
UbaSessionServer - ASSERT: ERROR: Access violation reading at address: 0x0000019D58660000
 CALLSTACK:
   UbaDetours.dll: +0xd5fcd
   UbaDetours.dll: +0x2b0b1
   KERNELBASE.dll: +0x22d9d
   cl.exe: +0x2c968
   cl.exe: +0x29247
   cl.exe: +0x146f8
   cl.exe: +0x1c748
   KERNEL32.DLL: +0x2ccb7
   ntdll.dll: +0xaad6c
[53/295] Compile [x64] ASSERT: ERROR: Access violation reading at address: 0x0000019D58660000
 CALLSTACK:
   UbaDetours.dll: +0xd5fcd
   UbaDetours.dll: +0x2b0b1
   KERNELBASE.dll: +0x22d9d
   cl.exe: +0x2c968
   cl.exe: +0x29247
   cl.exe: +0x146f8
   cl.exe: +0x1c748
   KERNEL32.DLL: +0x2ccb7
   ntdll.dll: +0xaad6c
INTERNAL COMPILER ERROR in 'C:\Program Files (x86)\Microsoft Visual Studio\2022\BuildTools\VC\Tools\MSVC\14.44.35207\bin\Hostx64\x64\cl.exe'
    Please choose the Technical Support command on the Visual C++
    Help menu, or open the Technical Support help file for more information
UbaSessionServer - ASSERT: ERROR: Access violation reading at address: 0x000001AE7C000000
 CALLSTACK:
   UbaDetours.dll: +0xd5fcd
   UbaDetours.dll: +0x2b0b1
   KERNELBASE.dll: +0x22d9d
   cl.exe: +0x2c968
   cl.exe: +0x29247
   cl.exe: +0x146f8
   cl.exe: +0x1c748
   KERNEL32.DLL: +0x2ccb7
   ntdll.dll: +0xaad6c
[54/295] Compile [x64] ASSERT: ERROR: Access violation reading at address: 0x000001AE7C000000
 CALLSTACK:
   UbaDetours.dll: +0xd5fcd
   UbaDetours.dll: +0x2b0b1
   KERNELBASE.dll: +0x22d9d
   cl.exe: +0x2c968
   cl.exe: +0x29247
   cl.exe: +0x146f8
   cl.exe: +0x1c748
   KERNEL32.DLL: +0x2ccb7
   ntdll.dll: +0xaad6c
INTERNAL COMPILER ERROR in 'C:\Program Files (x86)\Microsoft Visual Studio\2022\BuildTools\VC\Tools\MSVC\14.44.35207\bin\Hostx64\x64\cl.exe'
    Please choose the Technical Support command on the Visual C++
    Help menu, or open the Technical Support help file for more information
UbaSessionServer - ASSERT: ERROR: Access violation reading at address: 0x0000020FF3D00000
 CALLSTACK:
   UbaDetours.dll: +0xd5fcd
   UbaDetours.dll: +0x2b0b1
   KERNELBASE.dll: +0x22d9d
   cl.exe: +0x2c968
   cl.exe: +0x29247
   cl.exe: +0x146f8
   cl.exe: +0x1c748
   KERNEL32.DLL: +0x2ccb7
   ntdll.dll: +0xaad6c
[55/295] Compile [x64] ASSERT: ERROR: Access violation reading at address: 0x0000020FF3D00000
 CALLSTACK:
   UbaDetours.dll: +0xd5fcd
   UbaDetours.dll: +0x2b0b1
   KERNELBASE.dll: +0x22d9d
   cl.exe: +0x2c968
   cl.exe: +0x29247
   cl.exe: +0x146f8
   cl.exe: +0x1c748
   KERNEL32.DLL: +0x2ccb7
   ntdll.dll: +0xaad6c
INTERNAL COMPILER ERROR in 'C:\Program Files (x86)\Microsoft Visual Studio\2022\BuildTools\VC\Tools\MSVC\14.44.35207\bin\Hostx64\x64\cl.exe'
    Please choose the Technical Support command on the Visual C++
    Help menu, or open the Technical Support help file for more information
UbaSessionServer - ASSERT: ERROR: Access violation reading at address: 0x000001EDFC3B0000
 CALLSTACK:
   UbaDetours.dll: +0xd5fcd
   UbaDetours.dll: +0x2b0b1
   KERNELBASE.dll: +0x22d9d
   cl.exe: +0x2c968
   cl.exe: +0x29247
   cl.exe: +0x146f8
   cl.exe: +0x1c748
   KERNEL32.DLL: +0x2ccb7
   ntdll.dll: +0xaad6c
[56/295] Compile [x64] ASSERT: ERROR: Access violation reading at address: 0x000001EDFC3B0000
 CALLSTACK:
   UbaDetours.dll: +0xd5fcd
   UbaDetours.dll: +0x2b0b1
   KERNELBASE.dll: +0x22d9d
   cl.exe: +0x2c968
   cl.exe: +0x29247
   cl.exe: +0x146f8
   cl.exe: +0x1c748
   KERNEL32.DLL: +0x2ccb7
   ntdll.dll: +0xaad6c
INTERNAL COMPILER ERROR in 'C:\Program Files (x86)\Microsoft Visual Studio\2022\BuildTools\VC\Tools\MSVC\14.44.35207\bin\Hostx64\x64\cl.exe'
    Please choose the Technical Support command on the Visual C++
    Help menu, or open the Technical Support help file for more information
UbaSessionServer - ASSERT: ERROR: Access violation reading at address: 0x0000025AD43B0000
 CALLSTACK:
   UbaDetours.dll: +0xd5fcd
   UbaDetours.dll: +0x2b0b1
   KERNELBASE.dll: +0x22d9d
   cl.exe: +0x2c968
   cl.exe: +0x29247
   cl.exe: +0x146f8
   cl.exe: +0x1c748
   KERNEL32.DLL: +0x2ccb7
   ntdll.dll: +0xaad6c
[57/295] Compile [x64] ASSERT: ERROR: Access violation reading at address: 0x0000025AD43B0000
 CALLSTACK:
   UbaDetours.dll: +0xd5fcd
   UbaDetours.dll: +0x2b0b1
   KERNELBASE.dll: +0x22d9d
   cl.exe: +0x2c968
   cl.exe: +0x29247
   cl.exe: +0x146f8
   cl.exe: +0x1c748
   KERNEL32.DLL: +0x2ccb7
   ntdll.dll: +0xaad6c
INTERNAL COMPILER ERROR in 'C:\Program Files (x86)\Microsoft Visual Studio\2022\BuildTools\VC\Tools\MSVC\14.44.35207\bin\Hostx64\x64\cl.exe'
    Please choose the Technical Support command on the Visual C++
    Help menu, or open the Technical Support help file for more information
UbaSessionServer - ASSERT: ERROR: Access violation reading at address: 0x00000263F4510000
 CALLSTACK:
   UbaDetours.dll: +0xd5fcd
   UbaDetours.dll: +0x2b0b1
   KERNELBASE.dll: +0x22d9d
   cl.exe: +0x2c968
   cl.exe: +0x29247
   cl.exe: +0x146f8
   cl.exe: +0x1c748
   KERNEL32.DLL: +0x2ccb7
   ntdll.dll: +0xaad6c
[58/295] Compile [x64] ASSERT: ERROR: Access violation reading at address: 0x00000263F4510000
 CALLSTACK:
   UbaDetours.dll: +0xd5fcd
   UbaDetours.dll: +0x2b0b1
   KERNELBASE.dll: +0x22d9d
   cl.exe: +0x2c968
   cl.exe: +0x29247
   cl.exe: +0x146f8
   cl.exe: +0x1c748
   KERNEL32.DLL: +0x2ccb7
   ntdll.dll: +0xaad6c
INTERNAL COMPILER ERROR in 'C:\Program Files (x86)\Microsoft Visual Studio\2022\BuildTools\VC\Tools\MSVC\14.44.35207\bin\Hostx64\x64\cl.exe'
    Please choose the Technical Support command on the Visual C++
    Help menu, or open the Technical Support help file for more information
UbaSessionServer - ASSERT: ERROR: Access violation reading at address: 0x0000026ED66E0000
 CALLSTACK:
   UbaDetours.dll: +0xd5fcd
   UbaDetours.dll: +0x2b0b1
   KERNELBASE.dll: +0x22d9d
   cl.exe: +0x2c968
   cl.exe: +0x29247
   cl.exe: +0x146f8
   cl.exe: +0x1c748
   KERNEL32.DLL: +0x2ccb7
   ntdll.dll: +0xaad6c
[59/295] Compile [x64] ASSERT: ERROR: Access violation reading at address: 0x0000026ED66E0000
 CALLSTACK:
   UbaDetours.dll: +0xd5fcd
   UbaDetours.dll: +0x2b0b1
   KERNELBASE.dll: +0x22d9d
   cl.exe: +0x2c968
   cl.exe: +0x29247
   cl.exe: +0x146f8
   cl.exe: +0x1c748
   KERNEL32.DLL: +0x2ccb7
   ntdll.dll: +0xaad6c
INTERNAL COMPILER ERROR in 'C:\Program Files (x86)\Microsoft Visual Studio\2022\BuildTools\VC\Tools\MSVC\14.44.35207\bin\Hostx64\x64\cl.exe'
    Please choose the Technical Support command on the Visual C++
    Help menu, or open the Technical Support help file for more information
UbaSessionServer - ASSERT: ERROR: Access violation reading at address: 0x00000189D7F80000
 CALLSTACK:
   UbaDetours.dll: +0xd5fcd
   UbaDetours.dll: +0x2b0b1
   KERNELBASE.dll: +0x22d9d
   cl.exe: +0x2c968
   cl.exe: +0x29247
   cl.exe: +0x146f8
   cl.exe: +0x1c748
   KERNEL32.DLL: +0x2ccb7
   ntdll.dll: +0xaad6c
Took 138.33s to run dotnet.exe, ExitCode=-1073741819
UnrealBuildTool failed. See log for more details. (C:\Users\ridge\AppData\Roaming\Unreal Engine\AutomationTool\Logs\C+Program+Files+Epic+Games+UE_5.8\UBA-DiscGolfTourEditor-Win64-Development_2.txt)
AutomationTool executed for 0h 2m 22s
AutomationTool exiting with ExitCode=-1073741819 (-1073741819)
BUILD FAILED
